// Jest Snapshot v1, https://goo.gl/fbAQLP

exports[`examples examples/props/Prop.js 1`] = `
"import Vue from 'vue'
import Component from 'vue-class-component'
import { Prop } from 'vue-property-decorator'
@Component({})
export default class MyVueCompoennt extends Vue {
  @Prop() propA: number
  @Prop() propB: Array<string | number>
  @Prop({ required: true }) propC: string
  @Prop() propD: number
  @Prop() propE: any
  @Prop({
    validator(value) {
      // The value must match one of these strings
      return ['success', 'warning', 'danger'].indexOf(value) !== -1
    },
  })
  propF: any
}
"
`;
